[hairregrowth.ayushmd.com/hairlossd12e.html]
[backblue.gif]
[fade.gif]
[index.html]
[hairregrowth.ayushmd.com/favicon.png]
[hairregrowth.ayushmd.com/img/positive-result.png]
[hairregrowth.ayushmd.com/img/logo.png]
[hairregrowth.ayushmd.com/index.html]
[hairregrowth.ayushmd.com/img/dummy/img-1.webp]
[hairregrowth.ayushmd.com/img/dummy/img-1.1.webp]
[hairregrowth.ayushmd.com/img/dummy/look.webp]
[hairregrowth.ayushmd.com/img/dummy/partner-1.jpg]
[hairregrowth.ayushmd.com/img/dummy/partner-2.jpg]
[hairregrowth.ayushmd.com/img/dummy/partner-3.jpg]
[hairregrowth.ayushmd.com/img/dummy/partner-4.jpg]
[hairregrowth.ayushmd.com/js/jquery.min.js]
[hairregrowth.ayushmd.com/indexcedf.html]
[hairregrowth.ayushmd.com/js/bootstrap.min.js]
[hairregrowth.ayushmd.com/js/jquery.easing.min.js]
[hairregrowth.ayushmd.com/hairlossd12e.html]
[hairregrowth.ayushmd.com/fonts/glyphicons-halflings-regular.eot]
[hairregrowth.ayushmd.com/index-2.html]
[hairregrowth.ayushmd.com/fonts/glyphicons-halflings-regular.woff]
[hairregrowth.ayushmd.com/fonts/glyphicons-halflings-regular.ttf]
[hairregrowth.ayushmd.com/css/bootstrap.min.css]
[hairregrowth.ayushmd.com/font-awesome/fonts/fontawesome-webfont78ce.eot]
[hairregrowth.ayushmd.com/font-awesome/fonts/fontawesome-webfontd41d.eot]
[hairregrowth.ayushmd.com/font-awesome/fonts/fontawesome-webfont78ce.woff]
[hairregrowth.ayushmd.com/font-awesome/fonts/fontawesome-webfont78ce.ttf]
[hairregrowth.ayushmd.com/font-awesome/css/font-awesome.min.css]
[hairregrowth.ayushmd.com/img/dummy/bg1.jpg]
[hairregrowth.ayushmd.com/img/parallax/1.webp]
[hairregrowth.ayushmd.com/img/bodybg/bg1.png]
[hairregrowth.ayushmd.com/img/bodybg/bg2.png]
[hairregrowth.ayushmd.com/img/bodybg/bg3.jpg]
[hairregrowth.ayushmd.com/img/bodybg/bg4.png]
[hairregrowth.ayushmd.com/img/bodybg/bg5.png]
[hairregrowth.ayushmd.com/img/bodybg/bg6.png]
[hairregrowth.ayushmd.com/img/bodybg/bg7.png]
[hairregrowth.ayushmd.com/img/bodybg/bg8.jpg]
[hairregrowth.ayushmd.com/img/bodybg/bg10.png]
[hairregrowth.ayushmd.com/css/style.css]
[hairregrowth.ayushmd.com/color/default.css]
[hairregrowth.ayushmd.com/img/dummy/img-1.png]
[hairregrowth.ayushmd.com/img/dummy/look.jpg]
[hairregrowth.ayushmd.com/js/custom.js]
[hairregrowth.ayushmd.com/js/lightslider.js]
[hairregrowth.ayushmd.com/index.html]
[hairregrowth.ayushmd.com/indexcedf.html]
[hairregrowth.ayushmd.com/index-2.html]
[hairregrowth.ayushmd.com/fonts/glyphicons-halflings-regular.svg]
[hairregrowth.ayushmd.com/font-awesome/fonts/fontawesome-webfont78ce.svg]
[hairregrowth.ayushmd.com/fonts/glyphicons-halflings-regulard41d.eot]
[hairregrowth.ayushmd.com/img/led_blinksgreen.gif]
[hairregrowth.ayushmd.com/img/bodybg/bg9.png]
